// Vitest Snapshot v1, https://vitest.dev/guide/snapshot.html

exports[`indexSubscriptionPluginEvents > should index all events properly 1`] = `
[
  {
    "creatorAddress": "0xF65330dC75e32B20Be62f503a337cD1a072f898f",
    "description": "spotify nigeria product",
    "destinationChain": 80002,
    "isActive": true,
    "logoUrl": "https://upload.wikimedia.org/wikipedia/commons/1/19/Spotify_logo_without_text.svg",
    "name": "Spotify NGN",
    "onchainReference": 1,
    "receivingAddress": "0xF65330dC75e32B20Be62f503a337cD1a072f898f",
    "tokenAddress": "0x41E94Eb019C0762f9Bfcf9Fb1E58725BfB0e7582",
    "type": "SUBSCRIPTION",
  },
  {
    "creatorAddress": "0x13EF7f422829C7139CEb4695762Ba87e86437e5C",
    "description": "A new music service with official albums, singles, videos, remixes, live performances and more for Android, iOS and desktop. It's all here.",
    "destinationChain": 80002,
    "isActive": true,
    "logoUrl": "https://music.youtube.com/img/on_platform_logo_dark.svg",
    "name": "YT Music Nigeria",
    "onchainReference": 2,
    "receivingAddress": "0xF65330dC75e32B20Be62f503a337cD1a072f898f",
    "tokenAddress": "0x0Fd9e8d3aF1aaee056EB9e802c3A762a667b1904",
    "type": "SUBSCRIPTION",
  },
]
`;

exports[`indexSubscriptionPluginEvents > should index all events properly 2`] = `
[
  {
    "chargeInterval": 86400,
    "isActive": true,
    "onchainReference": 1,
    "price": "5000000",
    "productOnchainReference": 1,
  },
  {
    "chargeInterval": 86400,
    "isActive": true,
    "onchainReference": 2,
    "price": "500000000000000000",
    "productOnchainReference": 2,
  },
]
`;

exports[`indexSubscriptionPluginEvents > should index all events properly 3`] = `
[
  {
    "creatorAddress": "0xF65330dC75e32B20Be62f503a337cD1a072f898f",
    "isActive": true,
    "lastChargeDate": 2024-05-28T00:49:55.000Z,
    "onchainReference": 0,
    "planOnchainReference": 1,
    "productOnchainReference": 1,
    "subscriberAddress": "0x13EF7f422829C7139CEb4695762Ba87e86437e5C",
    "subscriptionExpiry": 2500-12-01T00:00:00.000Z,
  },
]
`;

exports[`indexSubscriptionPluginEvents > should index all events properly 4`] = `
[
  {
    "amount": "5000000",
    "narration": "Subscription fee charged",
    "onchainReference": "0x7f89a342d882475ca9d58c6409d53d83aa64c8e98a0743d497cb7c25b08955f7",
    "recipient": "0xF65330dC75e32B20Be62f503a337cD1a072f898f",
    "sender": "0x13EF7f422829C7139CEb4695762Ba87e86437e5C",
    "status": "SUCCESS",
    "subscriptionOnchainReference": 0,
    "tokenAddress": "0x41E94Eb019C0762f9Bfcf9Fb1E58725BfB0e7582",
    "type": "WITHDRAWAL",
  },
  {
    "amount": "5000000",
    "narration": "Subscription fee received",
    "onchainReference": "0x7f89a342d882475ca9d58c6409d53d83aa64c8e98a0743d497cb7c25b08955f7",
    "recipient": "0xF65330dC75e32B20Be62f503a337cD1a072f898f",
    "sender": "0x13EF7f422829C7139CEb4695762Ba87e86437e5C",
    "status": "SUCCESS",
    "subscriptionOnchainReference": 0,
    "tokenAddress": "0x41E94Eb019C0762f9Bfcf9Fb1E58725BfB0e7582",
    "type": "DEPOSIT",
  },
]
`;
